------------------------------------------------------------
Timing Analyzer Summary
------------------------------------------------------------

Type  : Slow 1200mV 85C Model Setup 'clk_gen_inst|altpll_component|auto_generated|pll1|clk[0]'
Slack : -12.505
TNS   : -241.651

Type  : Slow 1200mV 85C Model Setup 'sys_rst_n'
Slack : -8.593
TNS   : -40.304

Type  : Slow 1200mV 85C Model Setup 'sys_clk'
Slack : -4.265
TNS   : -10.122

Type  : Slow 1200mV 85C Model Hold 'clk_gen_inst|altpll_component|auto_generated|pll1|clk[0]'
Slack : 0.452
TNS   : 0.000

Type  : Slow 1200mV 85C Model Hold 'sys_clk'
Slack : 0.452
TNS   : 0.000

Type  : Slow 1200mV 85C Model Hold 'sys_rst_n'
Slack : 2.869
TNS   : 0.000

Type  : Slow 1200mV 85C Model Recovery 'sys_clk'
Slack : -2.027
TNS   : -214.697

Type  : Slow 1200mV 85C Model Removal 'sys_clk'
Slack : 0.071
TNS   : 0.000

Type  : Slow 1200mV 85C Model Minimum Pulse Width 'sys_rst_n'
Slack : -3.000
TNS   : -3.000

Type  : Slow 1200mV 85C Model Minimum Pulse Width 'sys_clk'
Slack : 9.783
TNS   : 0.000

Type  : Slow 1200mV 85C Model Minimum Pulse Width 'clk_gen_inst|altpll_component|auto_generated|pll1|clk[0]'
Slack : 12.188
TNS   : 0.000

Type  : Slow 1200mV 0C Model Setup 'clk_gen_inst|altpll_component|auto_generated|pll1|clk[0]'
Slack : -11.030
TNS   : -211.163

Type  : Slow 1200mV 0C Model Setup 'sys_rst_n'
Slack : -8.055
TNS   : -38.222

Type  : Slow 1200mV 0C Model Setup 'sys_clk'
Slack : -3.887
TNS   : -8.818

Type  : Slow 1200mV 0C Model Hold 'clk_gen_inst|altpll_component|auto_generated|pll1|clk[0]'
Slack : 0.401
TNS   : 0.000

Type  : Slow 1200mV 0C Model Hold 'sys_clk'
Slack : 0.401
TNS   : 0.000

Type  : Slow 1200mV 0C Model Hold 'sys_rst_n'
Slack : 2.569
TNS   : 0.000

Type  : Slow 1200mV 0C Model Recovery 'sys_clk'
Slack : -1.735
TNS   : -184.513

Type  : Slow 1200mV 0C Model Removal 'sys_clk'
Slack : 0.089
TNS   : 0.000

Type  : Slow 1200mV 0C Model Minimum Pulse Width 'sys_rst_n'
Slack : -3.000
TNS   : -3.000

Type  : Slow 1200mV 0C Model Minimum Pulse Width 'sys_clk'
Slack : 9.772
TNS   : 0.000

Type  : Slow 1200mV 0C Model Minimum Pulse Width 'clk_gen_inst|altpll_component|auto_generated|pll1|clk[0]'
Slack : 12.170
TNS   : 0.000

Type  : Fast 1200mV 0C Model Setup 'sys_rst_n'
Slack : -3.316
TNS   : -14.034

Type  : Fast 1200mV 0C Model Setup 'clk_gen_inst|altpll_component|auto_generated|pll1|clk[0]'
Slack : -2.749
TNS   : -48.814

Type  : Fast 1200mV 0C Model Setup 'sys_clk'
Slack : 0.292
TNS   : 0.000

Type  : Fast 1200mV 0C Model Hold 'sys_clk'
Slack : 0.152
TNS   : 0.000

Type  : Fast 1200mV 0C Model Hold 'clk_gen_inst|altpll_component|auto_generated|pll1|clk[0]'
Slack : 0.186
TNS   : 0.000

Type  : Fast 1200mV 0C Model Hold 'sys_rst_n'
Slack : 0.846
TNS   : 0.000

Type  : Fast 1200mV 0C Model Recovery 'sys_clk'
Slack : -1.163
TNS   : -123.165

Type  : Fast 1200mV 0C Model Removal 'sys_clk'
Slack : -0.053
TNS   : -0.106

Type  : Fast 1200mV 0C Model Minimum Pulse Width 'sys_rst_n'
Slack : -3.000
TNS   : -3.000

Type  : Fast 1200mV 0C Model Minimum Pulse Width 'sys_clk'
Slack : 9.434
TNS   : 0.000

Type  : Fast 1200mV 0C Model Minimum Pulse Width 'clk_gen_inst|altpll_component|auto_generated|pll1|clk[0]'
Slack : 12.232
TNS   : 0.000

------------------------------------------------------------
