------------------------------------------------------------
Timing Analyzer Summary
------------------------------------------------------------

Type  : Slow 1200mV 85C Model Setup 'ov7670:ov7670|freq_delay:freq_delay|po_clk_100k'
Slack : -4.902
TNS   : -252.717

Type  : Slow 1200mV 85C Model Setup 'pi_cmos_pclk'
Slack : -4.118
TNS   : -142.557

Type  : Slow 1200mV 85C Model Setup 'pll_inst|altpll_component|auto_generated|pll1|clk[1]'
Slack : -0.139
TNS   : -0.139

Type  : Slow 1200mV 85C Model Setup 'pll_inst|altpll_component|auto_generated|pll1|clk[3]'
Slack : 11.709
TNS   : 0.000

Type  : Slow 1200mV 85C Model Hold 'pll_inst|altpll_component|auto_generated|pll1|clk[1]'
Slack : -0.202
TNS   : -0.202

Type  : Slow 1200mV 85C Model Hold 'pll_inst|altpll_component|auto_generated|pll1|clk[3]'
Slack : 0.404
TNS   : 0.000

Type  : Slow 1200mV 85C Model Hold 'ov7670:ov7670|freq_delay:freq_delay|po_clk_100k'
Slack : 0.431
TNS   : 0.000

Type  : Slow 1200mV 85C Model Hold 'pi_cmos_pclk'
Slack : 0.431
TNS   : 0.000

Type  : Slow 1200mV 85C Model Recovery 'pll_inst|altpll_component|auto_generated|pll1|clk[1]'
Slack : 7.074
TNS   : 0.000

Type  : Slow 1200mV 85C Model Removal 'pll_inst|altpll_component|auto_generated|pll1|clk[1]'
Slack : 1.143
TNS   : 0.000

Type  : Slow 1200mV 85C Model Minimum Pulse Width 'pi_cmos_pclk'
Slack : -3.201
TNS   : -138.998

Type  : Slow 1200mV 85C Model Minimum Pulse Width 'ov7670:ov7670|freq_delay:freq_delay|po_clk_100k'
Slack : -1.487
TNS   : -98.142

Type  : Slow 1200mV 85C Model Minimum Pulse Width 'pll_inst|altpll_component|auto_generated|pll1|clk[1]'
Slack : 4.693
TNS   : 0.000

Type  : Slow 1200mV 85C Model Minimum Pulse Width 'pi_clk'
Slack : 9.934
TNS   : 0.000

Type  : Slow 1200mV 85C Model Minimum Pulse Width 'pll_inst|altpll_component|auto_generated|pll1|clk[3]'
Slack : 19.706
TNS   : 0.000

Type  : Slow 1200mV 0C Model Setup 'ov7670:ov7670|freq_delay:freq_delay|po_clk_100k'
Slack : -4.554
TNS   : -233.195

Type  : Slow 1200mV 0C Model Setup 'pi_cmos_pclk'
Slack : -3.825
TNS   : -129.228

Type  : Slow 1200mV 0C Model Setup 'pll_inst|altpll_component|auto_generated|pll1|clk[1]'
Slack : 0.054
TNS   : 0.000

Type  : Slow 1200mV 0C Model Setup 'pll_inst|altpll_component|auto_generated|pll1|clk[3]'
Slack : 14.055
TNS   : 0.000

Type  : Slow 1200mV 0C Model Hold 'pll_inst|altpll_component|auto_generated|pll1|clk[1]'
Slack : -0.314
TNS   : -0.314

Type  : Slow 1200mV 0C Model Hold 'ov7670:ov7670|freq_delay:freq_delay|po_clk_100k'
Slack : 0.381
TNS   : 0.000

Type  : Slow 1200mV 0C Model Hold 'pll_inst|altpll_component|auto_generated|pll1|clk[3]'
Slack : 0.383
TNS   : 0.000

Type  : Slow 1200mV 0C Model Hold 'pi_cmos_pclk'
Slack : 0.386
TNS   : 0.000

Type  : Slow 1200mV 0C Model Recovery 'pll_inst|altpll_component|auto_generated|pll1|clk[1]'
Slack : 7.245
TNS   : 0.000

Type  : Slow 1200mV 0C Model Removal 'pll_inst|altpll_component|auto_generated|pll1|clk[1]'
Slack : 1.046
TNS   : 0.000

Type  : Slow 1200mV 0C Model Minimum Pulse Width 'pi_cmos_pclk'
Slack : -3.201
TNS   : -138.998

Type  : Slow 1200mV 0C Model Minimum Pulse Width 'ov7670:ov7670|freq_delay:freq_delay|po_clk_100k'
Slack : -1.487
TNS   : -98.142

Type  : Slow 1200mV 0C Model Minimum Pulse Width 'pll_inst|altpll_component|auto_generated|pll1|clk[1]'
Slack : 4.670
TNS   : 0.000

Type  : Slow 1200mV 0C Model Minimum Pulse Width 'pi_clk'
Slack : 9.943
TNS   : 0.000

Type  : Slow 1200mV 0C Model Minimum Pulse Width 'pll_inst|altpll_component|auto_generated|pll1|clk[3]'
Slack : 19.675
TNS   : 0.000

Type  : Fast 1200mV 0C Model Setup 'ov7670:ov7670|freq_delay:freq_delay|po_clk_100k'
Slack : -1.481
TNS   : -69.758

Type  : Fast 1200mV 0C Model Setup 'pi_cmos_pclk'
Slack : -1.267
TNS   : -29.812

Type  : Fast 1200mV 0C Model Setup 'pll_inst|altpll_component|auto_generated|pll1|clk[1]'
Slack : 0.053
TNS   : 0.000

Type  : Fast 1200mV 0C Model Setup 'pll_inst|altpll_component|auto_generated|pll1|clk[3]'
Slack : 27.591
TNS   : 0.000

Type  : Fast 1200mV 0C Model Hold 'pll_inst|altpll_component|auto_generated|pll1|clk[1]'
Slack : -0.049
TNS   : -0.049

Type  : Fast 1200mV 0C Model Hold 'pll_inst|altpll_component|auto_generated|pll1|clk[3]'
Slack : 0.134
TNS   : 0.000

Type  : Fast 1200mV 0C Model Hold 'pi_cmos_pclk'
Slack : 0.154
TNS   : 0.000

Type  : Fast 1200mV 0C Model Hold 'ov7670:ov7670|freq_delay:freq_delay|po_clk_100k'
Slack : 0.178
TNS   : 0.000

Type  : Fast 1200mV 0C Model Recovery 'pll_inst|altpll_component|auto_generated|pll1|clk[1]'
Slack : 8.646
TNS   : 0.000

Type  : Fast 1200mV 0C Model Removal 'pll_inst|altpll_component|auto_generated|pll1|clk[1]'
Slack : 0.487
TNS   : 0.000

Type  : Fast 1200mV 0C Model Minimum Pulse Width 'pi_cmos_pclk'
Slack : -3.000
TNS   : -99.455

Type  : Fast 1200mV 0C Model Minimum Pulse Width 'ov7670:ov7670|freq_delay:freq_delay|po_clk_100k'
Slack : -1.000
TNS   : -66.000

Type  : Fast 1200mV 0C Model Minimum Pulse Width 'pll_inst|altpll_component|auto_generated|pll1|clk[1]'
Slack : 4.734
TNS   : 0.000

Type  : Fast 1200mV 0C Model Minimum Pulse Width 'pi_clk'
Slack : 9.594
TNS   : 0.000

Type  : Fast 1200mV 0C Model Minimum Pulse Width 'pll_inst|altpll_component|auto_generated|pll1|clk[3]'
Slack : 19.733
TNS   : 0.000

------------------------------------------------------------
