------------------------------------------------------------
Timing Analyzer Summary
------------------------------------------------------------

Type  : Slow 1200mV 85C Model Setup 'sys_clk'
Slack : -85.190
TNS   : -3186.489

Type  : Slow 1200mV 85C Model Setup 'keyboard_scan:keyboard_scan_inst|clk_1khz'
Slack : -2.342
TNS   : -40.520

Type  : Slow 1200mV 85C Model Setup 'seven_tube:seven_tube_inst|div_clk:div_clk_dut|clk_out'
Slack : -1.686
TNS   : -14.300

Type  : Slow 1200mV 85C Model Hold 'sys_clk'
Slack : 0.329
TNS   : 0.000

Type  : Slow 1200mV 85C Model Hold 'keyboard_scan:keyboard_scan_inst|clk_1khz'
Slack : 0.452
TNS   : 0.000

Type  : Slow 1200mV 85C Model Hold 'seven_tube:seven_tube_inst|div_clk:div_clk_dut|clk_out'
Slack : 0.665
TNS   : 0.000

Type  : Slow 1200mV 85C Model Minimum Pulse Width 'sys_clk'
Slack : -3.000
TNS   : -356.906

Type  : Slow 1200mV 85C Model Minimum Pulse Width 'keyboard_scan:keyboard_scan_inst|clk_1khz'
Slack : -1.487
TNS   : -29.740

Type  : Slow 1200mV 85C Model Minimum Pulse Width 'seven_tube:seven_tube_inst|div_clk:div_clk_dut|clk_out'
Slack : -1.487
TNS   : -19.331

Type  : Slow 1200mV 0C Model Setup 'sys_clk'
Slack : -77.446
TNS   : -2920.277

Type  : Slow 1200mV 0C Model Setup 'keyboard_scan:keyboard_scan_inst|clk_1khz'
Slack : -2.173
TNS   : -36.817

Type  : Slow 1200mV 0C Model Setup 'seven_tube:seven_tube_inst|div_clk:div_clk_dut|clk_out'
Slack : -1.526
TNS   : -12.653

Type  : Slow 1200mV 0C Model Hold 'sys_clk'
Slack : 0.314
TNS   : 0.000

Type  : Slow 1200mV 0C Model Hold 'keyboard_scan:keyboard_scan_inst|clk_1khz'
Slack : 0.401
TNS   : 0.000

Type  : Slow 1200mV 0C Model Hold 'seven_tube:seven_tube_inst|div_clk:div_clk_dut|clk_out'
Slack : 0.615
TNS   : 0.000

Type  : Slow 1200mV 0C Model Minimum Pulse Width 'sys_clk'
Slack : -3.000
TNS   : -356.906

Type  : Slow 1200mV 0C Model Minimum Pulse Width 'keyboard_scan:keyboard_scan_inst|clk_1khz'
Slack : -1.487
TNS   : -29.740

Type  : Slow 1200mV 0C Model Minimum Pulse Width 'seven_tube:seven_tube_inst|div_clk:div_clk_dut|clk_out'
Slack : -1.487
TNS   : -19.331

Type  : Fast 1200mV 0C Model Setup 'sys_clk'
Slack : -36.313
TNS   : -1238.198

Type  : Fast 1200mV 0C Model Setup 'keyboard_scan:keyboard_scan_inst|clk_1khz'
Slack : -0.531
TNS   : -7.263

Type  : Fast 1200mV 0C Model Setup 'seven_tube:seven_tube_inst|div_clk:div_clk_dut|clk_out'
Slack : -0.227
TNS   : -0.863

Type  : Fast 1200mV 0C Model Hold 'sys_clk'
Slack : -0.014
TNS   : -0.014

Type  : Fast 1200mV 0C Model Hold 'keyboard_scan:keyboard_scan_inst|clk_1khz'
Slack : 0.186
TNS   : 0.000

Type  : Fast 1200mV 0C Model Hold 'seven_tube:seven_tube_inst|div_clk:div_clk_dut|clk_out'
Slack : 0.272
TNS   : 0.000

Type  : Fast 1200mV 0C Model Minimum Pulse Width 'sys_clk'
Slack : -3.000
TNS   : -257.350

Type  : Fast 1200mV 0C Model Minimum Pulse Width 'keyboard_scan:keyboard_scan_inst|clk_1khz'
Slack : -1.000
TNS   : -20.000

Type  : Fast 1200mV 0C Model Minimum Pulse Width 'seven_tube:seven_tube_inst|div_clk:div_clk_dut|clk_out'
Slack : -1.000
TNS   : -13.000

------------------------------------------------------------
